task: lateral   chance = 50.0%
12 subjects, 720 trials, 336 features (6 time bins x 56 channels)

=== within-subject 5-fold CV (5 repeats) -- comparable to Ning et al. ===
  LDA (Ledoit-Wolf)    mean 58.61%   sd 12.74   range 39.00-79.67   above chance: 9/12
  Logistic (L2)        mean 59.39%   sd 13.14   range 37.33-81.33   above chance: 9/12
  SVM (RBF)            mean 52.86%   sd 13.23   range 36.33-79.33   above chance: 6/12
  Random Forest        mean 57.42%   sd 13.32   range 39.33-82.67   above chance: 9/12

=== leave-one-subject-out -- tests generalisation to a new person ===
  LDA (Ledoit-Wolf)    mean 51.94%   sd 5.52   range 41.67-60.00   above chance: 7/12
  Logistic (L2)        mean 52.36%   sd 5.46   range 41.67-60.00   above chance: 9/12
  SVM (RBF)            mean 50.83%   sd 4.93   range 40.00-58.33   above chance: 6/12
  Random Forest        mean 50.97%   sd 4.54   range 43.33-60.00   above chance: 6/12

=== per-subject accuracy, best model in each protocol ===
  subject   within (Logistic (L2))     LOSO (Logistic (L2))
  sub-08                    69.33%         53.33%
  sub-12                    78.67%         51.67%
  sub-13                    67.00%         55.00%
  sub-14                    51.67%         53.33%
  sub-15                    60.67%         43.33%
  sub-16                    53.33%         53.33%
  sub-19                    52.00%         56.67%
  sub-21                    81.33%         58.33%
  sub-22                    37.33%         55.00%
  sub-23                    48.67%         41.67%
  sub-24                    68.33%         60.00%
  sub-25                    44.33%         46.67%

=== label permutation, 300 permutations ===
  within / Logistic (L2): observed 59.39%
    permutation 30/300
    permutation 60/300
    permutation 90/300
    permutation 120/300
    permutation 150/300
    permutation 180/300
    permutation 210/300
    permutation 240/300
    permutation 270/300
    permutation 300/300
                                        
    null mean 49.90%  sd 2.38  95th pct 53.48%  ->  p = 0.0000  significant
  loso / Logistic (L2): observed 52.36%
    permutation 30/300
    permutation 60/300
    permutation 90/300
    permutation 120/300
    permutation 150/300
    permutation 180/300
    permutation 210/300
    permutation 240/300
    permutation 270/300
    permutation 300/300
                                        
    null mean 50.21%  sd 2.20  95th pct 53.61%  ->  p = 0.1833  NOT significant
decode-lateral wall time: 20.5 min
