$ python -u decode.py --task 3class --correct-only --perms 300

task: 3class   chance = 33.3%   correct trials only
12 subjects, 907 trials, 336 features (6 time bins x 56 channels)

=== within-subject 5-fold CV (5 repeats) -- comparable to Ning et al. ===
  LDA (Ledoit-Wolf)    mean 38.81%   sd 7.40   range 26.86-52.37   above chance: 10/12
  Logistic (L2)        mean 39.91%   sd 7.44   range 24.86-54.25   above chance: 10/12
  SVM (RBF)            mean 38.40%   sd 7.51   range 27.68-53.73   above chance: 9/12
  Random Forest        mean 39.53%   sd 8.43   range 28.86-55.89   above chance: 9/12

=== leave-one-subject-out -- tests generalisation to a new person ===
  LDA (Ledoit-Wolf)    mean 33.66%   sd 5.72   range 21.92-43.18   above chance: 5/12
  Logistic (L2)        mean 33.72%   sd 6.83   range 24.66-52.27   above chance: 6/12
  SVM (RBF)            mean 32.74%   sd 4.55   range 27.14-43.18   above chance: 3/12
  Random Forest        mean 35.94%   sd 3.42   range 30.30-40.48   above chance: 8/12

=== per-subject accuracy, best model in each protocol ===
  subject   within (Logistic (L2))     LOSO (Random Forest)
  sub-08                    37.75%         39.76%
  sub-12                    40.22%         40.48%
  sub-13                    42.14%         40.23%
  sub-14                    24.86%         38.57%
  sub-15                    38.70%         30.30%
  sub-16                    46.35%         32.94%
  sub-19                    40.03%         33.33%
  sub-21                    54.25%         34.25%
  sub-22                    32.40%         30.99%
  sub-23                    35.01%         38.03%
  sub-24                    49.54%         36.05%
  sub-25                    37.61%         36.36%

=== label permutation, 300 permutations ===
  within / Logistic (L2): observed 39.91%
    permutation 30/300
    permutation 60/300
    permutation 90/300
    permutation 120/300
    permutation 150/300
    permutation 180/300
    permutation 210/300
    permutation 240/300
    permutation 270/300
    permutation 300/300
                                        
    null mean 34.04%  sd 1.92  95th pct 37.21%  ->  p = 0.0000  significant
  loso / Random Forest: observed 35.94%
    permutation 30/300
    permutation 60/300
    permutation 90/300
    permutation 120/300
    permutation 150/300
    permutation 180/300
    permutation 210/300
    permutation 240/300
    permutation 270/300
    permutation 300/300
                                        
    null mean 33.57%  sd 1.76  95th pct 36.20%  ->  p = 0.0833  NOT significant
