$ python -u lag_sweep.py

preprocessing subjects once...
  sub-08: 6569 s, 90 trials
  sub-12: 2629 s, 90 trials
  sub-13: 3561 s, 90 trials
  sub-14: 2685 s, 90 trials
  sub-15: 2424 s, 90 trials
  sub-16: 2701 s, 90 trials
  sub-19: 2796 s, 90 trials
  sub-21: 2520 s, 90 trials
  sub-22: 2386 s, 90 trials
  sub-23: 2677 s, 90 trials
  sub-24: 2442 s, 90 trials
  sub-25: 2699 s, 90 trials

=== global lag sweep, 1074 trials per lag ===
    lag  peak |HbO| uM              HbO/HbR r                 
 -20.0s  ##########               0.433          *   |             -0.357
 -19.0s  ########                 0.374        *     |             -0.499
 -18.0s  ##########               0.461      *       |             -0.638
 -17.0s  #############            0.573       *      |             -0.618
 -16.0s  ##############           0.631          *   |             -0.375
 -15.0s  #############            0.585           *  |             -0.250
 -14.0s  #############            0.573             *|             -0.092
 -13.0s  ###############          0.657              *             +0.017
 -12.0s  #############            0.594              |*            +0.070
 -11.0s  #################        0.742             *|             -0.058
 -10.0s  #####################    0.942             *|             -0.091
  -9.0s  #######################  1.027            * |             -0.204
  -8.0s  ######################## 1.064            * |             -0.156
  -7.0s  ######################## 1.045              *             +0.015
  -6.0s  ###################      0.826           *  |             -0.256
  -5.0s  ###########              0.484         *    |             -0.417
  -4.0s  ################         0.724        *     |             -0.508
  -3.0s  ###################      0.836       *      |             -0.543
  -2.0s  ####################     0.884        *     |             -0.540
  -1.0s  #####################    0.919       *      |             -0.577
   0.0s  ####################     0.897      *       |             -0.681  <-- reconstructed onset
   1.0s  ##################       0.820     *        |             -0.739
   2.0s  ################         0.690     *        |             -0.731
   3.0s  ###########              0.492      *       |             -0.705
   4.0s  ##########               0.432     *        |             -0.726
   5.0s  ##############           0.603     *        |             -0.764
   6.0s  ###############          0.680      *       |             -0.647
   7.0s  ##############           0.634        *     |             -0.497
   8.0s  ############             0.539        *     |             -0.498
   9.0s  #########                0.416         *    |             -0.413
  10.0s  ########                 0.333        *     |             -0.483
  11.0s  ###########              0.469         *    |             -0.405
  12.0s  #############            0.564        *     |             -0.470
  13.0s  #############            0.573          *   |             -0.350
  14.0s  ###########              0.468          *   |             -0.363
  15.0s  #######                  0.328         *    |             -0.404
  16.0s  #######                  0.288        *     |             -0.529
  17.0s  ########                 0.348      *       |             -0.659
  18.0s  ###########              0.477      *       |             -0.684
  19.0s  #############            0.591      *       |             -0.676
  20.0s  #############            0.586       *      |             -0.609

  peak amplitude at lag -8.0 s  (1.064 uM)
  most negative HbO/HbR r at lag +5.0 s  (-0.764)
  at lag 0: amp 0.897 uM (84% of max), r -0.681
