12 subjects, 1079 trials
2 s window, 0.5 s step, shrinkage LDA, within-subject 5-fold x3

=== group accuracy by window centre ===
   centre (s)   accuracy     sem
        -1.00     31.94%   1.34  <-- pre-onset
        -0.50     33.91%   2.02  <-- pre-onset
         0.00     32.09%   2.10
         0.50     32.37%   1.97
         1.00     32.72%   1.92
         1.50     32.50%   1.58
         2.00     33.49%   1.69
         2.50     35.60%   1.62
         3.00     37.02%   1.93
         3.50     36.70%   1.99
         4.00     36.42%   1.85
         4.50     37.47%   2.14
         5.00     38.15%   2.33
         5.50     39.42%   2.64
         6.00     39.88%   2.58
         6.50     39.66%   2.56
         7.00     40.46%   2.35
         7.50     39.81%   2.37
         8.00     39.97%   2.99
         8.50     40.53%   2.76
         9.00     41.39%   2.58
         9.50     41.37%   2.82
        10.00     40.50%   2.70
        10.50     40.38%   2.77
        11.00     40.81%   2.49

  mean over pre-onset windows   32.92%
  mean over 2-10 s windows      38.70%
  peak 41.39% at +9.00 s

=== permutation envelope, 200 permutations ===
    20/200    40/200    60/200    80/200    100/200    120/200    140/200    160/200    180/200    200/200                                null mean 33.26%   family-wise 95% threshold 37.53%
  windows above threshold: +5.00 to +11.00 s (13 of 25)

wrote manuscript/fig_time_resolved.png
