$ python -u time_resolved.py --win 4 --step 0.5 --perms 0

12 subjects, 1079 trials
4 s window, 0.5 s step, shrinkage LDA, within-subject 5-fold x3

=== group accuracy by window centre ===
   centre (s)   accuracy     sem
         0.00     32.72%   1.92
         0.50     31.92%   1.55
         1.00     32.91%   1.72
         1.50     33.59%   1.71
         2.00     34.70%   1.77
         2.50     35.13%   1.71
         3.00     35.37%   1.98
         3.50     36.89%   1.89
         4.00     37.11%   1.84
         4.50     37.81%   2.25
         5.00     38.12%   2.45
         5.50     38.49%   2.49
         6.00     38.70%   2.70
         6.50     39.35%   2.85
         7.00     39.45%   2.87
         7.50     39.69%   2.96
         8.00     40.38%   2.70
         8.50     40.22%   2.65
         9.00     41.12%   2.77
         9.50     40.94%   2.90
        10.00     40.90%   2.91

  mean over pre-onset windows   nan%
  mean over 2-10 s windows      38.49%
  peak 41.12% at +9.00 s

wrote fig_time_resolved.png
