$ python -u trial_profile.py

preprocessing subjects once...
  sub-08: 90/90 trials usable
  sub-12: 90/90 trials usable
  sub-13: 89/90 trials usable
  sub-14: 89/90 trials usable
  sub-15: 89/90 trials usable
  sub-16: 90/90 trials usable
  sub-19: 90/90 trials usable
  sub-21: 90/90 trials usable
  sub-22: 90/90 trials usable
  sub-23: 90/90 trials usable
  sub-24: 90/90 trials usable
  sub-25: 90/90 trials usable

=== trial timing across all 1080 trials ===
  Trigger2 - Trigger1:  median   2.48 s   range   2.44 to   2.79 s
  Trigger3 - Trigger1:  median   5.67 s   range   5.53 to   7.04 s
  Trigger4 - Trigger1:  median  11.80 s   range   7.78 to  30.93 s
  Trigger1 spacing:  median  27.63 s   range  22.89 to 203.05 s

=== group trial-average, locked to Trigger1, 1077 trials, baseline -8..-5 s ===
    -8.0s                 O              .   R                 -0.324 +0.083
    -7.3s                       O        . R                   -0.193 +0.048
    -6.6s                                *                     -0.007 -0.000
    -5.9s                               R.       O             +0.168 -0.030
    -5.2s                            R   .             O       +0.309 -0.097
    -4.5s                            R   .              O      +0.332 -0.099
    -3.8s                             R  .               O     +0.355 -0.064
    -3.1s                            R   .                  O  +0.406 -0.096
    -2.4s                         R      .                 O   +0.402 -0.162
    -1.7s                          R     .            O        +0.288 -0.146
    -1.0s                            R   .O                    +0.008 -0.083
    -0.3s                     O         R.                     -0.251 -0.035  <-- T1 trial start
     0.4s            O                R  .                     -0.434 -0.069
     1.1s       O                  R     .                     -0.557 -0.140
     1.8s      O                   R     .                     -0.571 -0.142
     2.5s    O                      R    .                     -0.616 -0.107  <-- T2 cue
     3.2s  O                         R   .                     -0.660 -0.085
     3.9s  O                         R   .                     -0.656 -0.083
     4.6s    O                      R    .                     -0.619 -0.108
     5.3s    O                      R    .                     -0.610 -0.124
     6.0s       O                    R   .                     -0.554 -0.086  <-- T3 stimulus on
     6.7s             O                R .                     -0.419 -0.048
     7.4s                  O            R.                     -0.307 -0.017
     8.1s                          O R   .                     -0.140 -0.089
     8.8s                           R    O                     +0.007 -0.122
     9.5s                             R  .   O                 +0.079 -0.075
    10.2s                          R     .         O           +0.221 -0.128
    10.9s                         R      .         O           +0.224 -0.156
    11.6s                         R      .      O              +0.156 -0.167  <-- T4 median stim off
    12.3s                       R        .   O                 +0.092 -0.202
    13.0s                       R        . O                   +0.045 -0.207
    13.7s                          R  O  .                     -0.059 -0.128
    14.4s                       O    R   .                     -0.192 -0.093
    15.1s                   O       R    .                     -0.282 -0.113
    15.8s               O             R  .                     -0.377 -0.068
    16.5s           O                  R .                     -0.457 -0.041
    17.2s          O                 R   .                     -0.482 -0.101
    17.9s           O                  R .                     -0.463 -0.050
    18.6s                O             R .                     -0.364 -0.045
    19.3s                      O     R   .                     -0.233 -0.093
    20.0s                         O    R .                     -0.152 -0.054
    20.7s                         O   R  .                     -0.155 -0.062
    21.4s                       O  R     .                     -0.198 -0.137
    22.1s                          OR    .                     -0.135 -0.106
    22.8s                             R  . O                   +0.036 -0.079
    23.5s                            R   .     O               +0.120 -0.085
    24.2s                            R   .   O                 +0.081 -0.101
    24.9s                         R      . O                   +0.047 -0.151
    25.6s                           R    .   O                 +0.085 -0.115
    26.3s                             R  .    O                +0.098 -0.068
    27.0s                           R    .O                    +0.024 -0.116
    27.7s                           R O  .                     -0.063 -0.103
    28.4s                       O    R   .                     -0.199 -0.081
    29.1s                 O         R    .                     -0.324 -0.104
    29.8s                 O           R  .                     -0.326 -0.066

  HbO/HbR correlation over the trial: r = -0.350
  HbO peak: -0.664 uM at +3.5 s after Trigger1 (-2.2 s relative to Trigger3)
