271
ok sub-01/nirs/sub-01_task-overt_run-01_events.tsv 986
ok sub-01/nirs/sub-01_task-overt_run-01_nirs.json 343
ok sub-01/nirs/sub-01_task-overt_run-01_nirs.snirf 134387408
ok sub-01/nirs/sub-01_task-overt_run-02_events.tsv 983
ok sub-01/nirs/sub-01_task-overt_run-02_nirs.json 342
ok sub-01/nirs/sub-01_task-overt_run-02_nirs.snirf 134993072
ok sub-01/nirs/sub-01_task-visualorient_run-01_events.tsv 761
ok sub-01/nirs/sub-01_task-visualorient_run-01_nirs.json 383
ok sub-01/nirs/sub-01_task-visualorient_run-01_nirs.snirf 84027568
ok sub-02/nirs/sub-02_task-overt_run-01_events.tsv 978
ok sub-02/nirs/sub-02_task-overt_run-01_nirs.json 343
ok sub-02/nirs/sub-02_task-overt_run-01_nirs.snirf 196499792
ok sub-02/nirs/sub-02_task-overt_run-02_events.tsv 979
ok sub-02/nirs/sub-02_task-overt_run-02_nirs.json 340
ok sub-02/nirs/sub-02_task-overt_run-02_nirs.snirf 197504192
ok sub-02/nirs/sub-02_task-visualorient_run-01_events.tsv 749
ok sub-02/nirs/sub-02_task-visualorient_run-01_nirs.json 384
ok sub-02/nirs/sub-02_task-visualorient_run-01_nirs.snirf 116860592
ok sub-03/nirs/sub-03_task-overt_run-01_events.tsv 975
ok sub-03/nirs/sub-03_task-overt_run-01_nirs.json 340
ok sub-03/nirs/sub-03_task-overt_run-01_nirs.snirf 187654592
ok sub-03/nirs/sub-03_task-overt_run-02_events.tsv 979
ok sub-03/nirs/sub-03_task-overt_run-02_nirs.json 342
ok sub-03/nirs/sub-03_task-overt_run-02_nirs.snirf 189404192
ok sub-03/nirs/sub-03_task-visualorient_run-01_events.tsv 761
ok sub-03/nirs/sub-03_task-visualorient_run-01_nirs.json 384
--- restarted with 6 parallel connections Fri Sep 18 21:49:54 PST 2026
ok sub-01/nirs/sub-01_task-overt_run-02_events.tsv 983
ok sub-01/nirs/sub-01_task-overt_run-02_nirs.json 342
ok sub-01/nirs/sub-01_task-overt_run-01_nirs.json 343
ok sub-01/nirs/sub-01_task-overt_run-02_nirs.snirf 134993072
ok sub-01/nirs/sub-01_task-overt_run-01_nirs.snirf 134387408
ok sub-01/nirs/sub-01_task-overt_run-01_events.tsv 986
ok sub-01/nirs/sub-01_task-visualorient_run-01_nirs.snirf 84027568
ok sub-01/nirs/sub-01_task-visualorient_run-01_events.tsv 761
ok sub-02/nirs/sub-02_task-overt_run-01_events.tsv 978
ok sub-01/nirs/sub-01_task-visualorient_run-01_nirs.json 383
ok sub-02/nirs/sub-02_task-overt_run-01_nirs.json 343
ok sub-02/nirs/sub-02_task-overt_run-01_nirs.snirf 196499792
ok sub-02/nirs/sub-02_task-overt_run-02_nirs.snirf 197504192
ok sub-02/nirs/sub-02_task-overt_run-02_nirs.json 340
ok sub-02/nirs/sub-02_task-overt_run-02_events.tsv 979
ok sub-02/nirs/sub-02_task-visualorient_run-01_events.tsv 749
ok sub-02/nirs/sub-02_task-visualorient_run-01_nirs.json 384
ok sub-02/nirs/sub-02_task-visualorient_run-01_nirs.snirf 116860592
ok sub-03/nirs/sub-03_task-overt_run-01_nirs.json 340
ok sub-03/nirs/sub-03_task-overt_run-02_events.tsv 979
ok sub-03/nirs/sub-03_task-overt_run-02_nirs.json 342
ok sub-03/nirs/sub-03_task-overt_run-02_nirs.snirf 189404192
ok sub-03/nirs/sub-03_task-overt_run-01_nirs.snirf 187654592
ok sub-03/nirs/sub-03_task-overt_run-01_events.tsv 975
ok sub-03/nirs/sub-03_task-visualorient_run-01_events.tsv 761
ok sub-03/nirs/sub-03_task-visualorient_run-01_nirs.json 384
ok sub-04/nirs/sub-04_task-overt_run-01_nirs.json 341
ok sub-04/nirs/sub-04_task-overt_run-01_events.tsv 945
ok sub-04/nirs/sub-04_task-overt_run-02_nirs.json 341
ok sub-04/nirs/sub-04_task-overt_run-02_events.tsv 976
ok sub-04/nirs/sub-04_task-visualorient_run-01_events.tsv 616
ok sub-04/nirs/sub-04_task-visualorient_run-01_nirs.json 382
ok sub-05/nirs/sub-05_task-overt_run-01_events.tsv 983
ok sub-05/nirs/sub-05_task-overt_run-01_nirs.json 342
ok sub-03/nirs/sub-03_task-visualorient_run-01_nirs.snirf 112713392
ok sub-05/nirs/sub-05_task-overt_run-02_events.tsv 982
ok sub-05/nirs/sub-05_task-overt_run-02_nirs.json 342
ok sub-05/nirs/sub-05_task-visualorient_run-01_events.tsv 757
ok sub-05/nirs/sub-05_task-visualorient_run-01_nirs.json 384
ok sub-05/nirs/sub-05_task-visualorient_run-01_nirs.snirf 112713392
ok sub-10/nirs/sub-10_task-overt_run-01_events.tsv 975
ok sub-10/nirs/sub-10_task-overt_run-01_nirs.json 342
ok sub-04/nirs/sub-04_task-visualorient_run-01_nirs.snirf 115208192
ok sub-10/nirs/sub-10_task-overt_run-02_events.tsv 983
ok sub-10/nirs/sub-10_task-overt_run-02_nirs.json 342
ok sub-05/nirs/sub-05_task-overt_run-01_nirs.snirf 188237792
ok sub-10/nirs/sub-10_task-visualorient_run-01_events.tsv 751
ok sub-10/nirs/sub-10_task-visualorient_run-01_nirs.json 384
ok sub-05/nirs/sub-05_task-overt_run-02_nirs.snirf 185645792
ok sub-04/nirs/sub-04_task-overt_run-02_nirs.snirf 205409792
ok sub-11/nirs/sub-11_task-overt_run-01_events.tsv 1011
ok sub-11/nirs/sub-11_task-overt_run-01_nirs.json 343
ok sub-11/nirs/sub-11_task-overt_run-02_events.tsv 1038
ok sub-11/nirs/sub-11_task-overt_run-02_nirs.json 343
ok sub-10/nirs/sub-10_task-overt_run-02_nirs.snirf 180980192
ok sub-10/nirs/sub-10_task-overt_run-01_nirs.snirf 183572192
ok sub-11/nirs/sub-11_task-visualorient_run-01_events.tsv 756
ok sub-11/nirs/sub-11_task-visualorient_run-01_nirs.json 381
ok sub-12/nirs/sub-12_task-overt_run-01_events.tsv 975
ok sub-12/nirs/sub-12_task-overt_run-01_nirs.json 341
ok sub-04/nirs/sub-04_task-overt_run-01_nirs.snirf 205928192
ok sub-12/nirs/sub-12_task-overt_run-02_events.tsv 983
ok sub-11/nirs/sub-11_task-visualorient_run-01_nirs.snirf 115596992
ok sub-12/nirs/sub-12_task-overt_run-02_nirs.json 341
ok sub-12/nirs/sub-12_task-visualorient_run-01_events.tsv 753
ok sub-12/nirs/sub-12_task-visualorient_run-01_nirs.json 384
ok sub-11/nirs/sub-11_task-overt_run-02_nirs.snirf 175126704
ok sub-13/nirs/sub-13_task-overt_run-01_events.tsv 974
ok sub-13/nirs/sub-13_task-overt_run-01_nirs.json 343
ok sub-12/nirs/sub-12_task-overt_run-01_nirs.snirf 189339392
ok sub-13/nirs/sub-13_task-overt_run-02_events.tsv 980
ok sub-10/nirs/sub-10_task-visualorient_run-01_nirs.snirf 117443792
ok sub-13/nirs/sub-13_task-overt_run-02_nirs.json 343
ok sub-13/nirs/sub-13_task-visualorient_run-01_events.tsv 790
ok sub-13/nirs/sub-13_task-visualorient_run-01_nirs.json 381
ok sub-13/nirs/sub-13_task-overt_run-01_nirs.snirf 203174192
ok sub-13/nirs/sub-13_task-visualorient_run-02_nirs.json 384
ok sub-13/nirs/sub-13_task-visualorient_run-01_nirs.snirf 121558592
ok sub-14/nirs/sub-14_task-overt_run-01_events.tsv 973
ok sub-14/nirs/sub-14_task-overt_run-01_nirs.json 342
ok sub-12/nirs/sub-12_task-overt_run-02_nirs.snirf 166615728
ok sub-12/nirs/sub-12_task-visualorient_run-01_nirs.snirf 116925392
ok sub-14/nirs/sub-14_task-overt_run-02_events.tsv 979
ok sub-14/nirs/sub-14_task-overt_run-02_nirs.json 342
ok sub-14/nirs/sub-14_task-visualorient_run-01_events.tsv 759
ok sub-14/nirs/sub-14_task-visualorient_run-01_nirs.json 383
ok sub-11/nirs/sub-11_task-overt_run-01_nirs.snirf 191445392
ok sub-15/nirs/sub-15_task-overt_run-01_events.tsv 988
ok sub-15/nirs/sub-15_task-overt_run-01_nirs.json 343
ok sub-13/nirs/sub-13_task-overt_run-02_nirs.snirf 197795792
ok sub-15/nirs/sub-15_task-overt_run-02_events.tsv 977
ok sub-15/nirs/sub-15_task-overt_run-02_nirs.json 342
ok sub-13/nirs/sub-13_task-visualorient_run-02_nirs.snirf 117378992
ok sub-15/nirs/sub-15_task-visualorient_run-01_events.tsv 752
ok sub-15/nirs/sub-15_task-visualorient_run-01_nirs.json 383
ok sub-15/nirs/sub-15_task-visualorient_run-01_nirs.snirf 118253792
ok sub-18/nirs/sub-18_task-overt_run-01_events.tsv 943
ok sub-18/nirs/sub-18_task-overt_run-01_nirs.json 343
ok sub-14/nirs/sub-14_task-visualorient_run-01_nirs.snirf 117346592
ok sub-18/nirs/sub-18_task-overt_run-02_events.tsv 979
ok sub-18/nirs/sub-18_task-overt_run-02_nirs.json 341
ok sub-15/nirs/sub-15_task-overt_run-01_nirs.snirf 206673392
ok sub-18/nirs/sub-18_task-visualorient_run-01_events.tsv 743
ok sub-18/nirs/sub-18_task-visualorient_run-01_nirs.json 384
ok sub-14/nirs/sub-14_task-overt_run-02_nirs.snirf 188756192
ok sub-20/nirs/sub-20_task-overt_run-01_events.tsv 952
ok sub-20/nirs/sub-20_task-overt_run-01_nirs.json 343
ok sub-15/nirs/sub-15_task-overt_run-02_nirs.snirf 196661792
ok sub-20/nirs/sub-20_task-overt_run-02_events.tsv 1045
ok sub-20/nirs/sub-20_task-overt_run-02_nirs.json 341
ok sub-14/nirs/sub-14_task-overt_run-01_nirs.snirf 198735392
ok sub-20/nirs/sub-20_task-visualorient_run-01_events.tsv 794
ok sub-20/nirs/sub-20_task-visualorient_run-01_nirs.json 382
ok sub-18/nirs/sub-18_task-visualorient_run-01_nirs.snirf 118221392
ok sub-22/nirs/sub-22_task-overt_run-01_events.tsv 1038
ok sub-22/nirs/sub-22_task-overt_run-01_nirs.json 343
ok sub-18/nirs/sub-18_task-overt_run-02_nirs.snirf 191672192
ok sub-22/nirs/sub-22_task-overt_run-02_events.tsv 1045
ok sub-22/nirs/sub-22_task-overt_run-02_nirs.json 343
ok sub-20/nirs/sub-20_task-visualorient_run-01_nirs.snirf 119101792
ok sub-22/nirs/sub-22_task-visualorient_run-01_events.tsv 749
ok sub-22/nirs/sub-22_task-visualorient_run-01_nirs.json 384
ok sub-20/nirs/sub-20_task-overt_run-01_nirs.snirf 186590512
ok sub-23/nirs/sub-23_task-overt_run-01_events.tsv 778
ok sub-23/nirs/sub-23_task-overt_run-01_nirs.json 342
ok sub-18/nirs/sub-18_task-overt_run-01_nirs.snirf 202072592
ok sub-23/nirs/sub-23_task-overt_run-02_events.tsv 278
ok sub-23/nirs/sub-23_task-overt_run-02_nirs.json 343
ok sub-20/nirs/sub-20_task-overt_run-02_nirs.snirf 185196672
ok sub-23/nirs/sub-23_task-visualorient_run-01_events.tsv 585
ok sub-23/nirs/sub-23_task-visualorient_run-01_nirs.json 382
ok sub-22/nirs/sub-22_task-visualorient_run-01_nirs.snirf 116347792
ok sub-24/nirs/sub-24_task-overt_run-01_events.tsv 596
ok sub-24/nirs/sub-24_task-overt_run-01_nirs.json 342
ok sub-23/nirs/sub-23_task-visualorient_run-01_nirs.snirf 117805312
ok sub-24/nirs/sub-24_task-overt_run-02_nirs.json 343
ok sub-22/nirs/sub-22_task-overt_run-02_nirs.snirf 210371952
ok sub-23/nirs/sub-23_task-overt_run-01_nirs.snirf 174894112
ok sub-24/nirs/sub-24_task-visualorient_run-01_events.tsv 586
ok sub-24/nirs/sub-24_task-visualorient_run-01_nirs.json 382
ok sub-23/nirs/sub-23_task-overt_run-02_nirs.snirf 173954512
ok sub-25/nirs/sub-25_task-overt_run-01_events.tsv 1101
ok sub-25/nirs/sub-25_task-overt_run-01_nirs.json 343
ok sub-25/nirs/sub-25_task-overt_run-02_events.tsv 1102
ok sub-25/nirs/sub-25_task-overt_run-02_nirs.json 341
ok sub-24/nirs/sub-24_task-overt_run-01_nirs.snirf 172950592
ok sub-25/nirs/sub-25_task-visualorient_run-01_events.tsv 844
ok sub-24/nirs/sub-24_task-visualorient_run-01_nirs.snirf 34989848
ok sub-25/nirs/sub-25_task-visualorient_run-01_nirs.json 384
ok sub-28/nirs/sub-28_task-overt_run-01_events.tsv 866
ok sub-28/nirs/sub-28_task-overt_run-01_nirs.json 350
ok sub-22/nirs/sub-22_task-overt_run-01_nirs.snirf 225016912
ok sub-28/nirs/sub-28_task-overt_run-02_events.tsv 978
ok sub-28/nirs/sub-28_task-overt_run-02_nirs.json 347
ok sub-25/nirs/sub-25_task-visualorient_run-01_nirs.snirf 116606672
ok sub-28/nirs/sub-28_task-visualorient_run-01_events.tsv 752
ok sub-28/nirs/sub-28_task-visualorient_run-01_nirs.json 388
ok sub-25/nirs/sub-25_task-overt_run-02_nirs.snirf 190380832
ok sub-29/nirs/sub-29_task-overt_run-01_events.tsv 339
ok sub-24/nirs/sub-24_task-overt_run-02_nirs.snirf 174667632
ok sub-29/nirs/sub-29_task-overt_run-01_nirs.json 346
ok sub-29/nirs/sub-29_task-overt_run-02_events.tsv 390
ok sub-29/nirs/sub-29_task-overt_run-02_nirs.json 358
ok sub-28/nirs/sub-28_task-visualorient_run-01_nirs.snirf 118453632
ok sub-29/nirs/sub-29_task-visualorient_run-01_events.tsv 578
ok sub-29/nirs/sub-29_task-visualorient_run-01_nirs.json 391
ok sub-25/nirs/sub-25_task-overt_run-01_nirs.snirf 189312752
ok sub-30/nirs/sub-30_task-overt_run-01_events.tsv 987
ok sub-30/nirs/sub-30_task-overt_run-01_nirs.json 350
ok sub-28/nirs/sub-28_task-overt_run-02_nirs.snirf 187918592
ok sub-30/nirs/sub-30_task-overt_run-02_events.tsv 986
ok sub-30/nirs/sub-30_task-overt_run-02_nirs.json 358
ok sub-29/nirs/sub-29_task-overt_run-01_nirs.snirf 142307536
ok sub-30/nirs/sub-30_task-visualorient_run-01_events.tsv 372
ok sub-30/nirs/sub-30_task-visualorient_run-01_nirs.json 389
ok sub-29/nirs/sub-29_task-visualorient_run-01_nirs.snirf 82301840
ok sub-31/nirs/sub-31_task-overt_run-01_events.tsv 972
ok sub-31/nirs/sub-31_task-overt_run-01_nirs.json 348
ok sub-29/nirs/sub-29_task-overt_run-02_nirs.snirf 126201024
ok sub-31/nirs/sub-31_task-overt_run-02_events.tsv 989
ok sub-31/nirs/sub-31_task-overt_run-02_nirs.json 348
ok sub-28/nirs/sub-28_task-overt_run-01_nirs.snirf 197930352
ok sub-31/nirs/sub-31_task-visualorient_run-01_events.tsv 793
ok sub-31/nirs/sub-31_task-visualorient_run-01_nirs.json 387
ok sub-30/nirs/sub-30_task-visualorient_run-01_nirs.snirf 104326432
ok sub-30/nirs/sub-30_task-overt_run-01_nirs.snirf 196829072
ok sub-32/nirs/sub-32_task-overt_run-01_events.tsv 1004
ok sub-32/nirs/sub-32_task-overt_run-01_nirs.json 358
ok sub-32/nirs/sub-32_task-overt_run-02_events.tsv 1086
ok sub-32/nirs/sub-32_task-overt_run-02_nirs.json 350
ok sub-31/nirs/sub-31_task-overt_run-01_nirs.snirf 197119872
ok sub-32/nirs/sub-32_task-visualorient_run-01_events.tsv 749
ok sub-32/nirs/sub-32_task-visualorient_run-01_nirs.json 400
ok sub-30/nirs/sub-30_task-overt_run-02_nirs.snirf 190770432
ok sub-33/nirs/sub-33_task-overt_run-01_events.tsv 975
ok sub-33/nirs/sub-33_task-overt_run-01_nirs.json 350
ok sub-31/nirs/sub-31_task-overt_run-02_nirs.snirf 195565312
ok sub-33/nirs/sub-33_task-overt_run-02_events.tsv 970
ok sub-33/nirs/sub-33_task-overt_run-02_nirs.json 358
ok sub-31/nirs/sub-31_task-visualorient_run-01_nirs.snirf 117416992
ok sub-33/nirs/sub-33_task-visualorient_run-01_events.tsv 743
ok sub-33/nirs/sub-33_task-visualorient_run-01_nirs.json 400
ok sub-32/nirs/sub-32_task-overt_run-01_nirs.snirf 195630592
ok sub-34/nirs/sub-34_task-overt_run-01_events.tsv 1001
ok sub-34/nirs/sub-34_task-overt_run-01_nirs.json 358
ok sub-32/nirs/sub-32_task-visualorient_run-01_nirs.snirf 118420912
ok sub-34/nirs/sub-34_task-overt_run-02_events.tsv 977
ok sub-34/nirs/sub-34_task-overt_run-02_nirs.json 358
ok sub-32/nirs/sub-32_task-overt_run-02_nirs.snirf 190542672
ok sub-33/nirs/sub-33_task-overt_run-01_nirs.snirf 191062192
ok sub-34/nirs/sub-34_task-visualorient_run-01_events.tsv 753
ok sub-34/nirs/sub-34_task-visualorient_run-01_nirs.json 400
ok sub-35/nirs/sub-35_task-overt_run-01_events.tsv 989
ok sub-35/nirs/sub-35_task-overt_run-01_nirs.json 350
ok sub-33/nirs/sub-33_task-visualorient_run-01_nirs.snirf 114791472
ok sub-35/nirs/sub-35_task-overt_run-02_events.tsv 974
ok sub-35/nirs/sub-35_task-overt_run-02_nirs.json 349
ok sub-34/nirs/sub-34_task-visualorient_run-01_nirs.snirf 114791472
ok sub-34/nirs/sub-34_task-overt_run-01_nirs.snirf 186882432
ok sub-35/nirs/sub-35_task-visualorient_run-01_events.tsv 754
ok sub-35/nirs/sub-35_task-visualorient_run-01_nirs.json 391
ok sub-39/nirs/sub-39_task-overt_run-01_events.tsv 986
ok sub-39/nirs/sub-39_task-overt_run-01_nirs.json 358
ok sub-33/nirs/sub-33_task-overt_run-02_nirs.snirf 183479632
ok sub-39/nirs/sub-39_task-overt_run-02_events.tsv 1015
ok sub-39/nirs/sub-39_task-overt_run-02_nirs.json 358
ok sub-35/nirs/sub-35_task-overt_run-01_nirs.snirf 189441872
ok sub-39/nirs/sub-39_task-visualorient_run-01_events.tsv 751
ok sub-39/nirs/sub-39_task-visualorient_run-01_nirs.json 400
ok sub-34/nirs/sub-34_task-overt_run-02_nirs.snirf 182313712
ok sub-41/nirs/sub-41_task-overt_run-01_events.tsv 972
ok sub-41/nirs/sub-41_task-overt_run-01_nirs.json 358
ok sub-35/nirs/sub-35_task-visualorient_run-01_nirs.snirf 117319792
ok sub-39/nirs/sub-39_task-visualorient_run-01_nirs.snirf 119198832
ok sub-41/nirs/sub-41_task-overt_run-02_events.tsv 987
ok sub-41/nirs/sub-41_task-overt_run-02_nirs.json 348
ok sub-41/nirs/sub-41_task-visualorient_run-01_events.tsv 741
ok sub-41/nirs/sub-41_task-visualorient_run-01_nirs.json 400
ok sub-35/nirs/sub-35_task-overt_run-02_nirs.snirf 183447232
ok sub-44/nirs/sub-44_task-overt_run-01_events.tsv 975
ok sub-44/nirs/sub-44_task-overt_run-01_nirs.json 358
ok sub-41/nirs/sub-41_task-visualorient_run-01_nirs.snirf 118290672
ok sub-44/nirs/sub-44_task-overt_run-02_events.tsv 989
ok sub-39/nirs/sub-39_task-overt_run-02_nirs.snirf 185262592
ok sub-44/nirs/sub-44_task-overt_run-02_nirs.json 347
ok sub-44/nirs/sub-44_task-visualorient_run-01_events.tsv 750
ok sub-44/nirs/sub-44_task-visualorient_run-01_nirs.json 400
ok sub-39/nirs/sub-39_task-overt_run-01_nirs.snirf 191224192
ok sub-41/nirs/sub-41_task-overt_run-01_nirs.snirf 217144352
ok sub-46/nirs/sub-46_task-overt_run-01_events.tsv 806
ok sub-46/nirs/sub-46_task-overt_run-01_nirs.json 358
ok sub-46/nirs/sub-46_task-overt_run-02_events.tsv 799
ok sub-46/nirs/sub-46_task-overt_run-02_nirs.json 358
ok sub-41/nirs/sub-41_task-overt_run-02_nirs.snirf 203600352
ok sub-46/nirs/sub-46_task-visualorient_run-01_events.tsv 495
ok sub-46/nirs/sub-46_task-visualorient_run-01_nirs.json 391
ok sub-44/nirs/sub-44_task-visualorient_run-01_nirs.snirf 118744592
ok sub-47/nirs/sub-47_task-overt_run-01_events.tsv 980
ok sub-47/nirs/sub-47_task-overt_run-01_nirs.json 350
ok sub-44/nirs/sub-44_task-overt_run-01_nirs.snirf 196958512
ok sub-47/nirs/sub-47_task-overt_run-02_events.tsv 987
ok sub-47/nirs/sub-47_task-overt_run-02_nirs.json 349
ok sub-46/nirs/sub-46_task-visualorient_run-01_nirs.snirf 120300272
ok sub-46/nirs/sub-46_task-overt_run-01_nirs.snirf 192034992
ok sub-47/nirs/sub-47_task-visualorient_run-01_events.tsv 742
ok sub-47/nirs/sub-47_task-visualorient_run-01_nirs.json 390
ok sub-44/nirs/sub-44_task-overt_run-02_nirs.snirf 191806912
ok sub-46/nirs/sub-46_task-overt_run-02_nirs.snirf 188242432
ok sub-47/nirs/sub-47_task-overt_run-01_nirs.snirf 201041392
ok sub-47/nirs/sub-47_task-visualorient_run-01_nirs.snirf 118908032
ok sub-47/nirs/sub-47_task-overt_run-02_nirs.snirf 189279072
DONE Fri Sep 18 22:00:57 PST 2026
verified 271 files, 0 mismatches
