
##### calibration_curve.py  2026-09-18 19:30  data=D:\fnirs\Extra\Extra\Code\analysis\data_v2  draws=20  test=6/class  k grid=[0, 6, 12, 21, 30, 39, 51, 60]

##### calibration_curve.py  2026-09-18 19:30  data=D:\fnirs\Extra\Extra\Code\analysis\data_v2  draws=20  test=6/class  k grid=[0, 6, 12, 21, 30, 39, 51, 60]
classical arm: 0 subjects checkpointed, 12 to run on 8 CPU workers
deep arm: HemoNet pretrain on N-1, fine-tune on k, 5 seeds, device NVIDIA RTX A4000
  sub-08 done (42 s)
  sub-12 done (42 s)
  sub-13 done (42 s)
  sub-14 done (42 s)
  sub-15 done (42 s)
  sub-16 done (42 s)
  sub-19 done (42 s)
  sub-21 done (42 s)
  sub-22 done (49 s)
  sub-23 done (49 s)
  sub-08 seed 0: source val 57.6%  zero-shot 47.5%  k=30 66.1%  (46 s)
  sub-24 done (65 s)
  sub-25 done (65 s)

headline curve: subjects supporting every k <= 30: 11/12  (excluded: sub-25)

   k   n               within_lr            within_lda                pooled            pooled_bal        pooled_calnorm           zero_nonorm         deep_finetune
   0  11                      --                    --    45.5 [39.8, 51.0]    45.5 [39.8, 51.0]                    --    39.1 [34.7, 43.6]                    --
   6  11      42.1 [37.2, 47.1]    34.8 [33.4, 36.2]    46.4 [40.8, 51.9]    48.6 [41.3, 55.4]    45.8 [40.2, 51.1]                    --                    --
  12  11      48.6 [42.1, 55.0]    47.9 [40.3, 55.3]    48.0 [41.7, 53.8]    51.4 [43.0, 59.3]    50.2 [42.6, 57.2]                    --                    --
  21  11      52.2 [44.1, 59.8]    53.1 [44.7, 60.9]    49.6 [42.9, 55.7]    53.9 [44.8, 62.4]    52.5 [43.5, 61.0]                    --                    --
  30  11      54.9 [46.3, 63.4]    54.8 [45.8, 62.8]    50.7 [43.5, 57.5]    56.4 [47.0, 65.2]    54.4 [45.4, 63.0]                    --                    --
  39   9      59.4 [49.2, 69.0]    60.1 [50.0, 69.1]    52.6 [43.7, 61.4]    60.2 [49.1, 70.7]    59.0 [48.3, 69.4]                    --                    --   <- all subjects still supporting this k
  51   6      71.8 [66.7, 76.9]    71.9 [67.1, 76.8]    61.2 [52.5, 67.8]    71.0 [61.7, 77.5]    70.3 [61.1, 77.4]                    --                    --   <- all subjects still supporting this k
  60   6      73.7 [68.6, 78.6]    73.5 [69.3, 77.9]    63.0 [54.5, 69.1]    72.1 [63.2, 78.6]    71.8 [62.5, 78.8]                    --                    --   <- all subjects still supporting this k

paired comparisons on the headline subjects (Wilcoxon, two-sided):
  k=  6: pooled_bal - within_lr =  +6.5 pp (p = 0.0049);  calnorm - pooled_bal =  -2.8 pp (p = 0.0322)
  k= 12: pooled_bal - within_lr =  +2.9 pp (p = 0.2402);  calnorm - pooled_bal =  -1.2 pp (p = 0.1230)
  k= 21: pooled_bal - within_lr =  +1.7 pp (p = 0.1055);  calnorm - pooled_bal =  -1.4 pp (p = 0.0088)
  k= 30: pooled_bal - within_lr =  +1.5 pp (p = 0.4648);  calnorm - pooled_bal =  -2.0 pp (p = 0.0068)
  k=  0: per-subject z-score vs none:  +6.8 pp (p = 0.0269), zero-shot without it 37.8%

per-subject, pooled_bal (mean over 20 draws):
  subject       k=0     k=6    k=12    k=21    k=30    k=39    k=51    k=60
  sub-08       59.4    65.6    67.8    68.1    71.1    71.7    71.7    72.2
  sub-12       39.7    61.1    65.8    71.9    73.9    77.8    78.6    78.9
  sub-13       38.3    36.9    39.2    41.4    43.6    48.1    50.6    52.2
  sub-14       25.8    25.3    26.7    29.4    29.2    29.7      --      --
  sub-15       45.3    39.7    36.4    38.6    41.7      --      --      --
  sub-16       56.1    58.6    65.6    71.4    72.8    76.4    78.1    79.2
  sub-19       46.1    58.6    66.4    72.2    75.8    76.1    78.9    81.1
  sub-21       49.7    48.9    48.3    48.3    50.3      --      --      --
  sub-22       46.4    45.6    47.8    47.5    49.4    52.5      --      --
  sub-23       36.9    37.2    40.3    40.0    43.1    41.9      --      --
  sub-24       56.7    57.5    61.4    64.2    69.4    67.2    68.1    69.2
  sub-25       33.9    28.1      --      --      --      --      --      --
wrote diagnostics/calib-data_v2.log, .png, -summary.json
  sub-08 seed 1: source val 56.4%  zero-shot 55.0%  k=30 68.1%  (75 s)
  sub-08 seed 2: source val 58.8%  zero-shot 53.9%  k=30 69.7%  (102 s)
  sub-08 seed 3: source val 58.8%  zero-shot 55.8%  k=30 70.3%  (130 s)
  sub-08 seed 4: source val 60.6%  zero-shot 58.1%  k=30 69.7%  (165 s)
  sub-12 seed 0: source val 59.4%  zero-shot 53.3%  k=30 80.3%  (202 s)
  sub-12 seed 1: source val 50.3%  zero-shot 52.2%  k=30 78.3%  (232 s)
  sub-12 seed 2: source val 57.6%  zero-shot 53.3%  k=30 80.3%  (262 s)
  sub-12 seed 3: source val 56.4%  zero-shot 50.6%  k=30 79.2%  (290 s)
  sub-12 seed 4: source val 52.1%  zero-shot 41.1%  k=30 80.0%  (322 s)
  sub-13 seed 0: source val 65.4%  zero-shot 29.2%  k=30 50.6%  (351 s)
  sub-13 seed 1: source val 59.3%  zero-shot 35.8%  k=30 52.5%  (382 s)
  sub-13 seed 2: source val 58.6%  zero-shot 25.0%  k=30 49.4%  (417 s)
  sub-13 seed 3: source val 60.5%  zero-shot 37.5%  k=30 52.2%  (454 s)
  sub-13 seed 4: source val 59.3%  zero-shot 37.5%  k=30 56.1%  (483 s)
  sub-14 seed 0: source val 71.5%  zero-shot 23.6%  k=30 24.7%  (502 s)
  sub-14 seed 1: source val 56.4%  zero-shot 28.9%  k=30 28.9%  (520 s)
  sub-14 seed 2: source val 60.0%  zero-shot 22.2%  k=30 25.0%  (537 s)
  sub-14 seed 3: source val 64.8%  zero-shot 24.7%  k=30 25.3%  (556 s)
  sub-14 seed 4: source val 58.2%  zero-shot 30.0%  k=30 24.7%  (574 s)
  sub-15 seed 0: source val 61.9%  zero-shot 36.9%  k=30 40.0%  (587 s)
  sub-15 seed 1: source val 63.7%  zero-shot 41.7%  k=30 36.9%  (601 s)
  sub-15 seed 2: source val 63.1%  zero-shot 43.9%  k=30 38.1%  (614 s)
  sub-15 seed 3: source val 64.3%  zero-shot 36.9%  k=30 36.9%  (628 s)
  sub-15 seed 4: source val 60.7%  zero-shot 38.9%  k=30 36.1%  (641 s)
  sub-16 seed 0: source val 62.3%  zero-shot 37.5%  k=30 70.6%  (676 s)
  sub-16 seed 1: source val 56.2%  zero-shot 47.5%  k=30 70.0%  (714 s)
  sub-16 seed 2: source val 57.4%  zero-shot 48.3%  k=30 74.4%  (753 s)
  sub-16 seed 3: source val 63.0%  zero-shot 39.7%  k=30 70.8%  (793 s)
  sub-16 seed 4: source val 58.6%  zero-shot 32.2%  k=30 69.2%  (831 s)
  sub-19 seed 0: source val 59.9%  zero-shot 50.8%  k=30 80.8%  (866 s)
  sub-19 seed 1: source val 56.8%  zero-shot 35.3%  k=30 81.7%  (902 s)
  sub-19 seed 2: source val 53.1%  zero-shot 35.3%  k=30 76.7%  (938 s)
  sub-19 seed 3: source val 59.3%  zero-shot 52.5%  k=30 82.8%  (962 s)
  sub-19 seed 4: source val 58.0%  zero-shot 47.8%  k=30 80.6%  (978 s)
  sub-21 seed 0: source val 65.5%  zero-shot 44.2%  k=30 50.6%  (985 s)
  sub-21 seed 1: source val 57.0%  zero-shot 46.1%  k=30 50.8%  (992 s)
  sub-21 seed 2: source val 63.6%  zero-shot 36.4%  k=30 49.4%  (999 s)
  sub-21 seed 3: source val 57.0%  zero-shot 40.6%  k=30 53.9%  (1006 s)
  sub-21 seed 4: source val 54.5%  zero-shot 42.5%  k=30 50.8%  (1012 s)
  sub-22 seed 0: source val 66.7%  zero-shot 33.1%  k=30 46.4%  (1023 s)
  sub-22 seed 1: source val 55.8%  zero-shot 47.8%  k=30 47.2%  (1032 s)
  sub-22 seed 2: source val 58.8%  zero-shot 40.3%  k=30 44.2%  (1043 s)
  sub-22 seed 3: source val 57.6%  zero-shot 41.4%  k=30 46.4%  (1053 s)
  sub-22 seed 4: source val 63.0%  zero-shot 44.7%  k=30 47.5%  (1063 s)
  sub-23 seed 0: source val 61.2%  zero-shot 39.2%  k=30 44.7%  (1075 s)
  sub-23 seed 1: source val 58.8%  zero-shot 33.3%  k=30 38.6%  (1095 s)
  sub-23 seed 2: source val 59.4%  zero-shot 48.6%  k=30 45.0%  (1119 s)
  sub-23 seed 3: source val 63.6%  zero-shot 49.7%  k=30 49.2%  (1142 s)
  sub-23 seed 4: source val 64.8%  zero-shot 35.6%  k=30 43.1%  (1167 s)
  sub-24 seed 0: source val 61.1%  zero-shot 53.1%  k=30 61.4%  (1207 s)
  sub-24 seed 1: source val 56.8%  zero-shot 51.1%  k=30 61.7%  (1244 s)
  sub-24 seed 2: source val 53.7%  zero-shot 54.7%  k=30 59.4%  (1283 s)
  sub-24 seed 3: source val 59.3%  zero-shot 47.5%  k=30 61.7%  (1320 s)
  sub-24 seed 4: source val 54.3%  zero-shot 51.4%  k=30 64.2%  (1360 s)
  sub-25 seed 0: source val 57.9%  zero-shot 40.8%  k=30 nan%  (1365 s)
  sub-25 seed 1: source val 61.4%  zero-shot 39.4%  k=30 nan%  (1371 s)
  sub-25 seed 2: source val 58.5%  zero-shot 34.2%  k=30 nan%  (1377 s)
  sub-25 seed 3: source val 62.0%  zero-shot 31.7%  k=30 nan%  (1382 s)
  sub-25 seed 4: source val 59.6%  zero-shot 29.2%  k=30 nan%  (1387 s)

##### calibration_curve.py  2026-09-18 20:01  data=D:\fnirs\Extra\Extra\Code\analysis\data_v2  draws=20  test=6/class  k grid=[0, 6, 12, 21, 30, 39, 51, 60]

headline curve: subjects supporting every k <= 30: 11/12  (excluded: sub-25)

   k   n               within_lr            within_lda                pooled            pooled_bal        pooled_calnorm           zero_nonorm         deep_finetune
   0  11                      --                    --    45.5 [39.8, 51.0]    45.5 [39.8, 51.0]                    --    39.1 [34.7, 43.6]    42.2 [37.5, 46.6]
   6  11      42.1 [37.2, 47.1]    34.8 [33.4, 36.2]    46.4 [40.8, 51.9]    48.6 [41.3, 55.4]    45.8 [40.2, 51.1]                    --    47.4 [41.1, 53.9]
  12  11      48.6 [42.1, 55.0]    47.9 [40.3, 55.3]    48.0 [41.7, 53.8]    51.4 [43.0, 59.3]    50.2 [42.6, 57.2]                    --    51.9 [43.9, 60.1]
  21  11      52.2 [44.1, 59.8]    53.1 [44.7, 60.9]    49.6 [42.9, 55.7]    53.9 [44.8, 62.4]    52.5 [43.5, 61.0]                    --    54.6 [45.1, 63.9]
  30  11      54.9 [46.3, 63.4]    54.8 [45.8, 62.8]    50.7 [43.5, 57.5]    56.4 [47.0, 65.2]    54.4 [45.4, 63.0]                    --    56.2 [46.1, 65.9]
  39   9      59.4 [49.2, 69.0]    60.1 [50.0, 69.1]    52.6 [43.7, 61.4]    60.2 [49.1, 70.7]    59.0 [48.3, 69.4]                    --    60.5 [48.0, 72.3]   <- all subjects still supporting this k
  51   6      71.8 [66.7, 76.9]    71.9 [67.1, 76.8]    61.2 [52.5, 67.8]    71.0 [61.7, 77.5]    70.3 [61.1, 77.4]                    --    73.3 [66.3, 80.1]   <- all subjects still supporting this k
  60   6      73.7 [68.6, 78.6]    73.5 [69.3, 77.9]    63.0 [54.5, 69.1]    72.1 [63.2, 78.6]    71.8 [62.5, 78.8]                    --    74.9 [67.2, 82.2]   <- all subjects still supporting this k

paired comparisons on the headline subjects (Wilcoxon, two-sided):
  k=  6: pooled_bal - within_lr =  +6.5 pp (p = 0.0049);  calnorm - pooled_bal =  -2.8 pp (p = 0.0322)
  k= 12: pooled_bal - within_lr =  +2.9 pp (p = 0.2402);  calnorm - pooled_bal =  -1.2 pp (p = 0.1230)
  k= 21: pooled_bal - within_lr =  +1.7 pp (p = 0.1055);  calnorm - pooled_bal =  -1.4 pp (p = 0.0088)
  k= 30: pooled_bal - within_lr =  +1.5 pp (p = 0.4648);  calnorm - pooled_bal =  -2.0 pp (p = 0.0068)
  k=  0: per-subject z-score vs none:  +6.8 pp (p = 0.0269), zero-shot without it 37.8%

per-subject, pooled_bal (mean over 20 draws):
  subject       k=0     k=6    k=12    k=21    k=30    k=39    k=51    k=60
  sub-08       59.4    65.6    67.8    68.1    71.1    71.7    71.7    72.2
  sub-12       39.7    61.1    65.8    71.9    73.9    77.8    78.6    78.9
  sub-13       38.3    36.9    39.2    41.4    43.6    48.1    50.6    52.2
  sub-14       25.8    25.3    26.7    29.4    29.2    29.7      --      --
  sub-15       45.3    39.7    36.4    38.6    41.7      --      --      --
  sub-16       56.1    58.6    65.6    71.4    72.8    76.4    78.1    79.2
  sub-19       46.1    58.6    66.4    72.2    75.8    76.1    78.9    81.1
  sub-21       49.7    48.9    48.3    48.3    50.3      --      --      --
  sub-22       46.4    45.6    47.8    47.5    49.4    52.5      --      --
  sub-23       36.9    37.2    40.3    40.0    43.1    41.9      --      --
  sub-24       56.7    57.5    61.4    64.2    69.4    67.2    68.1    69.2
  sub-25       33.9    28.1      --      --      --      --      --      --
wrote diagnostics/calib-data_v2.log, .png, -summary.json

##### calibration_curve.py  2026-09-18 21:49  data=D:\fnirs\Extra\Extra\Code\analysis\data_v2  draws=20  test=6/class  k grid=[0, 6, 12, 21, 30, 39, 51, 60]

headline curve: subjects supporting every k <= 30: 11/12  (excluded: sub-25)

   k   n               within_lr            within_lda                pooled            pooled_bal        pooled_calnorm           zero_nonorm         deep_finetune
   0  11                      --                    --    45.5 [39.8, 51.0]    45.5 [39.8, 51.0]                    --    39.1 [34.7, 43.6]    42.2 [37.5, 46.6]
   6  11      42.1 [37.2, 47.1]    34.8 [33.4, 36.2]    46.4 [40.8, 51.9]    48.6 [41.3, 55.4]    45.8 [40.2, 51.1]                    --    47.4 [41.1, 53.9]
  12  11      48.6 [42.1, 55.0]    47.9 [40.3, 55.3]    48.0 [41.7, 53.8]    51.4 [43.0, 59.3]    50.2 [42.6, 57.2]                    --    51.9 [43.9, 60.1]
  21  11      52.2 [44.1, 59.8]    53.1 [44.7, 60.9]    49.6 [42.9, 55.7]    53.9 [44.8, 62.4]    52.5 [43.5, 61.0]                    --    54.6 [45.1, 63.9]
  30  11      54.9 [46.3, 63.4]    54.8 [45.8, 62.8]    50.7 [43.5, 57.5]    56.4 [47.0, 65.2]    54.4 [45.4, 63.0]                    --    56.2 [46.1, 65.9]
  39   9      59.4 [49.2, 69.0]    60.1 [50.0, 69.1]    52.6 [43.7, 61.4]    60.2 [49.1, 70.7]    59.0 [48.3, 69.4]                    --    60.5 [48.0, 72.3]   <- all subjects still supporting this k
  51   6      71.8 [66.7, 76.9]    71.9 [67.1, 76.8]    61.2 [52.5, 67.8]    71.0 [61.7, 77.5]    70.3 [61.1, 77.4]                    --    73.3 [66.3, 80.1]   <- all subjects still supporting this k
  60   6      73.7 [68.6, 78.6]    73.5 [69.3, 77.9]    63.0 [54.5, 69.1]    72.1 [63.2, 78.6]    71.8 [62.5, 78.8]                    --    74.9 [67.2, 82.2]   <- all subjects still supporting this k

paired comparisons on the headline subjects (Wilcoxon, two-sided):
  k=  6: pooled_bal - within_lr =  +6.5 pp (p = 0.0049);  calnorm - pooled_bal =  -2.8 pp (p = 0.0322)
  k= 12: pooled_bal - within_lr =  +2.9 pp (p = 0.2402);  calnorm - pooled_bal =  -1.2 pp (p = 0.1230)
  k= 21: pooled_bal - within_lr =  +1.7 pp (p = 0.1055);  calnorm - pooled_bal =  -1.4 pp (p = 0.0088)
  k= 30: pooled_bal - within_lr =  +1.5 pp (p = 0.4648);  calnorm - pooled_bal =  -2.0 pp (p = 0.0068)
  k=  0: per-subject z-score vs none:  +6.8 pp (p = 0.0269), zero-shot without it 37.8%

per-subject, pooled_bal (mean over 20 draws):
  subject       k=0     k=6    k=12    k=21    k=30    k=39    k=51    k=60
  sub-08       59.4    65.6    67.8    68.1    71.1    71.7    71.7    72.2
  sub-12       39.7    61.1    65.8    71.9    73.9    77.8    78.6    78.9
  sub-13       38.3    36.9    39.2    41.4    43.6    48.1    50.6    52.2
  sub-14       25.8    25.3    26.7    29.4    29.2    29.7      --      --
  sub-15       45.3    39.7    36.4    38.6    41.7      --      --      --
  sub-16       56.1    58.6    65.6    71.4    72.8    76.4    78.1    79.2
  sub-19       46.1    58.6    66.4    72.2    75.8    76.1    78.9    81.1
  sub-21       49.7    48.9    48.3    48.3    50.3      --      --      --
  sub-22       46.4    45.6    47.8    47.5    49.4    52.5      --      --
  sub-23       36.9    37.2    40.3    40.0    43.1    41.9      --      --
  sub-24       56.7    57.5    61.4    64.2    69.4    67.2    68.1    69.2
  sub-25       33.9    28.1      --      --      --      --      --      --
wrote diagnostics/calib-data_v2.log, .png, -summary.json

##### calibration_curve.py  2026-09-19 09:28  data=D:\fnirs\Extra\Extra\Code\analysis\data_v2  draws=20  test=6/class  k grid=[0, 6, 12, 21, 30, 39, 51, 60]

headline curve: subjects supporting every k <= 30: 11/12  (excluded: sub-25)

   k   n               within_lr            within_lda                pooled            pooled_bal        pooled_calnorm           zero_nonorm         deep_finetune
   0  11                      --                    --    45.5 [39.8, 51.0]    45.5 [39.8, 51.0]                    --    39.1 [34.7, 43.6]    42.2 [37.5, 46.6]
   6  11      42.1 [37.2, 47.1]    34.8 [33.4, 36.2]    46.4 [40.8, 51.9]    48.6 [41.3, 55.4]    45.8 [40.2, 51.1]                    --    47.4 [41.1, 53.9]
  12  11      48.6 [42.1, 55.0]    47.9 [40.3, 55.3]    48.0 [41.7, 53.8]    51.4 [43.0, 59.3]    50.2 [42.6, 57.2]                    --    51.9 [43.9, 60.1]
  21  11      52.2 [44.1, 59.8]    53.1 [44.7, 60.9]    49.6 [42.9, 55.7]    53.9 [44.8, 62.4]    52.5 [43.5, 61.0]                    --    54.6 [45.1, 63.9]
  30  11      54.9 [46.3, 63.4]    54.8 [45.8, 62.8]    50.7 [43.5, 57.5]    56.4 [47.0, 65.2]    54.4 [45.4, 63.0]                    --    56.2 [46.1, 65.9]
  39   9      59.4 [49.2, 69.0]    60.1 [50.0, 69.1]    52.6 [43.7, 61.4]    60.2 [49.1, 70.7]    59.0 [48.3, 69.4]                    --    60.5 [48.0, 72.3]   <- all subjects still supporting this k
  51   6      71.8 [66.7, 76.9]    71.9 [67.1, 76.8]    61.2 [52.5, 67.8]    71.0 [61.7, 77.5]    70.3 [61.1, 77.4]                    --    73.3 [66.3, 80.1]   <- all subjects still supporting this k
  60   6      73.7 [68.6, 78.6]    73.5 [69.3, 77.9]    63.0 [54.5, 69.1]    72.1 [63.2, 78.6]    71.8 [62.5, 78.8]                    --    74.9 [67.2, 82.2]   <- all subjects still supporting this k

paired comparisons on the headline subjects (Wilcoxon, two-sided):
  k=  6: pooled_bal - within_lr =  +6.5 pp (p = 0.0049);  calnorm - pooled_bal =  -2.8 pp (p = 0.0322)
  k= 12: pooled_bal - within_lr =  +2.9 pp (p = 0.2402);  calnorm - pooled_bal =  -1.2 pp (p = 0.1230)
  k= 21: pooled_bal - within_lr =  +1.7 pp (p = 0.1055);  calnorm - pooled_bal =  -1.4 pp (p = 0.0088)
  k= 30: pooled_bal - within_lr =  +1.5 pp (p = 0.4648);  calnorm - pooled_bal =  -2.0 pp (p = 0.0068)
  k=  0: per-subject z-score vs none:  +6.8 pp (p = 0.0269), zero-shot without it 37.8%

per-subject, pooled_bal (mean over 20 draws):
  subject       k=0     k=6    k=12    k=21    k=30    k=39    k=51    k=60
  sub-08       59.4    65.6    67.8    68.1    71.1    71.7    71.7    72.2
  sub-12       39.7    61.1    65.8    71.9    73.9    77.8    78.6    78.9
  sub-13       38.3    36.9    39.2    41.4    43.6    48.1    50.6    52.2
  sub-14       25.8    25.3    26.7    29.4    29.2    29.7      --      --
  sub-15       45.3    39.7    36.4    38.6    41.7      --      --      --
  sub-16       56.1    58.6    65.6    71.4    72.8    76.4    78.1    79.2
  sub-19       46.1    58.6    66.4    72.2    75.8    76.1    78.9    81.1
  sub-21       49.7    48.9    48.3    48.3    50.3      --      --      --
  sub-22       46.4    45.6    47.8    47.5    49.4    52.5      --      --
  sub-23       36.9    37.2    40.3    40.0    43.1    41.9      --      --
  sub-24       56.7    57.5    61.4    64.2    69.4    67.2    68.1    69.2
  sub-25       33.9    28.1      --      --      --      --      --      --
wrote diagnostics/calib-data_v2.log, .png, -summary.json

##### calibration_curve.py  2026-09-20 00:37  data=D:\fnirs\Extra\Extra\derived\ds004830\v2  draws=20  test=6/class  k grid=[0, 6, 12, 21, 30, 39, 51, 60]

headline curve: subjects supporting every k <= 30: 11/12  (excluded: sub-25)

   k   n               within_lr            within_lda                pooled            pooled_bal        pooled_calnorm           zero_nonorm         deep_finetune
   0  11                      --                    --    45.5 [39.8, 51.0]    45.5 [39.8, 51.0]                    --    39.1 [34.7, 43.6]    42.2 [37.5, 46.6]
   6  11      42.1 [37.2, 47.1]    34.8 [33.4, 36.2]    46.4 [40.8, 51.9]    48.6 [41.3, 55.4]    45.8 [40.2, 51.1]                    --    47.4 [41.1, 53.9]
  12  11      48.6 [42.1, 55.0]    47.9 [40.3, 55.3]    48.0 [41.7, 53.8]    51.4 [43.0, 59.3]    50.2 [42.6, 57.2]                    --    51.9 [43.9, 60.1]
  21  11      52.2 [44.1, 59.8]    53.1 [44.7, 60.9]    49.6 [42.9, 55.7]    53.9 [44.8, 62.4]    52.5 [43.5, 61.0]                    --    54.6 [45.1, 63.9]
  30  11      54.9 [46.3, 63.4]    54.8 [45.8, 62.8]    50.7 [43.5, 57.5]    56.4 [47.0, 65.2]    54.4 [45.4, 63.0]                    --    56.2 [46.1, 65.9]
  39   9      59.4 [49.2, 69.0]    60.1 [50.0, 69.1]    52.6 [43.7, 61.4]    60.2 [49.1, 70.7]    59.0 [48.3, 69.4]                    --    60.5 [48.0, 72.3]   <- all subjects still supporting this k
  51   6      71.8 [66.7, 76.9]    71.9 [67.1, 76.8]    61.2 [52.5, 67.8]    71.0 [61.7, 77.5]    70.3 [61.1, 77.4]                    --    73.3 [66.3, 80.1]   <- all subjects still supporting this k
  60   6      73.7 [68.6, 78.6]    73.5 [69.3, 77.9]    63.0 [54.5, 69.1]    72.1 [63.2, 78.6]    71.8 [62.5, 78.8]                    --    74.9 [67.2, 82.2]   <- all subjects still supporting this k

paired comparisons on the headline subjects (Wilcoxon, two-sided):
  k=  6: pooled_bal - within_lr =  +6.5 pp (p = 0.0049);  calnorm - pooled_bal =  -2.8 pp (p = 0.0322);  calnorm - within_lr =  +3.7 pp (p = 0.0703)
  k= 12: pooled_bal - within_lr =  +2.9 pp (p = 0.2402);  calnorm - pooled_bal =  -1.2 pp (p = 0.1230);  calnorm - within_lr =  +1.6 pp (p = 0.6377)
  k= 21: pooled_bal - within_lr =  +1.7 pp (p = 0.1055);  calnorm - pooled_bal =  -1.4 pp (p = 0.0088);  calnorm - within_lr =  +0.3 pp (p = 0.8311)
  k= 30: pooled_bal - within_lr =  +1.5 pp (p = 0.4648);  calnorm - pooled_bal =  -2.0 pp (p = 0.0068);  calnorm - within_lr =  -0.5 pp (p = 0.7646)
  k=  0: per-subject z-score vs none:  +6.8 pp (p = 0.0269), zero-shot without it 37.8%

per-subject, pooled_bal (mean over 20 draws):
  subject       k=0     k=6    k=12    k=21    k=30    k=39    k=51    k=60
  sub-08       59.4    65.6    67.8    68.1    71.1    71.7    71.7    72.2
  sub-12       39.7    61.1    65.8    71.9    73.9    77.8    78.6    78.9
  sub-13       38.3    36.9    39.2    41.4    43.6    48.1    50.6    52.2
  sub-14       25.8    25.3    26.7    29.4    29.2    29.7      --      --
  sub-15       45.3    39.7    36.4    38.6    41.7      --      --      --
  sub-16       56.1    58.6    65.6    71.4    72.8    76.4    78.1    79.2
  sub-19       46.1    58.6    66.4    72.2    75.8    76.1    78.9    81.1
  sub-21       49.7    48.9    48.3    48.3    50.3      --      --      --
  sub-22       46.4    45.6    47.8    47.5    49.4    52.5      --      --
  sub-23       36.9    37.2    40.3    40.0    43.1    41.9      --      --
  sub-24       56.7    57.5    61.4    64.2    69.4    67.2    68.1    69.2
  sub-25       33.9    28.1      --      --      --      --      --      --
wrote results/ds004830/calibration_curve/ds004830_v2_3class_calibration_curve.log, plots/ds004830/calibration_curve/ds004830_v2_3class_calibration_curve.png, results/ds004830/calibration_curve/ds004830_v2_3class_calibration_curve_summary.json
